kotlin version: 2.1.21
error message: Incremental compilation failed: java.lang.NegativeArraySizeException: -905918464
java.io.IOException: java.lang.NegativeArraySizeException: -905918464
	at org.jetbrains.kotlin.com.intellij.util.io.IOUtil.readString(IOUtil.java:84)
	at org.jetbrains.kotlin.incremental.storage.StringExternalizer.read(externalizers.kt:225)
	at org.jetbrains.kotlin.incremental.storage.ExternalizersKt.readString(externalizers.kt:256)
	at org.jetbrains.kotlin.incremental.storage.FqNameExternalizer.read(externalizers.kt:88)
	at org.jetbrains.kotlin.incremental.classpathDiff.ClassIdExternalizerWithInterning.read(ClasspathSnapshotSerializer.kt:268)
	at org.jetbrains.kotlin.incremental.classpathDiff.JavaClassSnapshotExternalizer.read(ClasspathSnapshotSerializer.kt:210)
	at org.jetbrains.kotlin.incremental.classpathDiff.JavaClassSnapshotExternalizer.read(ClasspathSnapshotSerializer.kt:198)
	at org.jetbrains.kotlin.incremental.storage.DelegateDataExternalizer.read(externalizers.kt:250)
	at org.jetbrains.kotlin.incremental.classpathDiff.AccessibleClassSnapshotExternalizer.read(ClasspathSnapshotSerializer.kt)
	at org.jetbrains.kotlin.incremental.classpathDiff.AccessibleClassSnapshotExternalizer.read(ClasspathSnapshotSerializer.kt:75)
	at org.jetbrains.kotlin.incremental.storage.CollectionExternalizerV2.read(externalizers.kt:352)
	at org.jetbrains.kotlin.incremental.storage.CollectionExternalizerV2.read(externalizers.kt:336)
	at org.jetbrains.kotlin.incremental.storage.ExternalizersKt.loadFromFile(externalizers.kt:185)
	at org.jetbrains.kotlin.incremental.classpathDiff.ClasspathSnapshotShrinkerKt.shrinkAndSaveClasspathSnapshot(ClasspathSnapshotShrinker.kt:264)
	at org.jetbrains.kotlin.incremental.IncrementalJvmCompilerRunner.performWorkAfterCompilation(IncrementalJvmCompilerRunner.kt:478)
	at org.jetbrains.kotlin.incremental.IncrementalJvmCompilerRunner.performWorkAfterCompilation(IncrementalJvmCompilerRunner.kt:75)
	at org.jetbrains.kotlin.incremental.IncrementalCompilerRunner.compileImpl(IncrementalCompilerRunner.kt:433)
	at org.jetbrains.kotlin.incremental.IncrementalCompilerRunner.tryCompileIncrementally$lambda$10$compile(IncrementalCompilerRunner.kt:258)
	at org.jetbrains.kotlin.incremental.IncrementalCompilerRunner.tryCompileIncrementally(IncrementalCompilerRunner.kt:276)
	at org.jetbrains.kotlin.incremental.IncrementalCompilerRunner.compile(IncrementalCompilerRunner.kt:128)
	at org.jetbrains.kotlin.daemon.CompileServiceImplBase.execIncrementalCompiler(CompileServiceImpl.kt:678)
	at org.jetbrains.kotlin.daemon.CompileServiceImplBase.access$execIncrementalCompiler(CompileServiceImpl.kt:92)
	at org.jetbrains.kotlin.daemon.CompileServiceImpl.compile(CompileServiceImpl.kt:1805)
	at java.base/jdk.internal.reflect.DirectMethodHandleAccessor.invoke(DirectMethodHandleAccessor.java:103)
	at java.base/java.lang.reflect.Method.invoke(Method.java:580)
	at java.rmi/sun.rmi.server.UnicastServerRef.dispatch(UnicastServerRef.java:360)
	at java.rmi/sun.rmi.transport.Transport$1.run(Transport.java:200)
	at java.rmi/sun.rmi.transport.Transport$1.run(Transport.java:197)
	at java.base/java.security.AccessController.doPrivileged(AccessController.java:714)
	at java.rmi/sun.rmi.transport.Transport.serviceCall(Transport.java:196)
	at java.rmi/sun.rmi.transport.tcp.TCPTransport.handleMessages(TCPTransport.java:598)
	at java.rmi/sun.rmi.transport.tcp.TCPTransport$ConnectionHandler.run0(TCPTransport.java:844)
	at java.rmi/sun.rmi.transport.tcp.TCPTransport$ConnectionHandler.lambda$run$0(TCPTransport.java:721)
	at java.base/java.security.AccessController.doPrivileged(AccessController.java:400)
	at java.rmi/sun.rmi.transport.tcp.TCPTransport$ConnectionHandler.run(TCPTransport.java:720)
	at java.base/java.util.concurrent.ThreadPoolExecutor.runWorker(ThreadPoolExecutor.java:1144)
	at java.base/java.util.concurrent.ThreadPoolExecutor$Worker.run(ThreadPoolExecutor.java:642)
	at java.base/java.lang.Thread.run(Thread.java:1583)
Caused by: java.lang.NegativeArraySizeException: -905918464
	at org.jetbrains.kotlin.com.intellij.util.io.IOUtil.readString(IOUtil.java:76)
	... 37 more


